[2026-09-07 21:20:42] PROCESS_CREATED: Proceso 1 (Editor) cargado.
[2026-09-07 21:20:42] PROCESS_CREATED: Proceso 2 (Generador de reportes) cargado.
[2026-09-07 21:20:42] SIMULATION_START: Escenario cargado: Ejecución normal sin interbloqueo
[2026-09-07 21:20:42] MEMORY_ALLOCATED: PID 1 recibió 300 unidades de memoria.
[2026-09-07 21:20:42] MEMORY_ALLOCATED: PID 2 recibió 250 unidades de memoria.
[2026-09-07 21:20:42] RESOURCE_ALLOCATED: Recurso 'printer' asignado al PID 1.
[2026-09-07 21:20:42] RESOURCE_ALLOCATED: Recurso 'disk' asignado al PID 2.
[2026-09-07 21:20:42] FILE_WRITE: PID 1 escribió el archivo 'file_a'.
[2026-09-07 21:20:42] FILE_READ: PID 2 leyó el archivo 'file_b'.
[2026-09-07 21:20:42] FILE_CREATED: PID 1 creó el archivo 'file_c'.
[2026-09-07 21:20:42] RESOURCE_RELEASED: PID 2 liberó el recurso 'disk'.
[2026-09-07 21:20:42] FILE_WRITE: PID 1 escribió el archivo 'file_c'.
[2026-09-07 21:20:42] MEMORY_RELEASED: PID 2 liberó memoria.
[2026-09-07 21:20:42] FILE_MOVED: PID 1 movió/renombró 'file_c' a 'temporal_procesado.tmp'.
[2026-09-07 21:20:42] PROCESS_TERMINATED: PID 2 terminó y liberó sus recursos.
[2026-09-07 21:20:42] FILE_DELETED: PID 1 eliminó 'file_c'.
[2026-09-07 21:20:42] RESOURCE_RELEASED: PID 1 liberó el recurso 'printer'.
[2026-09-07 21:20:42] MEMORY_RELEASED: PID 1 liberó memoria.
[2026-09-07 21:20:42] PROCESS_TERMINATED: PID 1 terminó y liberó sus recursos.
[2026-09-07 21:20:42] SIMULATION_END: La simulación ha terminado.
