[2026-09-07 21:20:44] PROCESS_CREATED: Proceso 1 (Escaneo) cargado.
[2026-09-07 21:20:44] PROCESS_CREATED: Proceso 2 (Respaldo) cargado.
[2026-09-07 21:20:44] PROCESS_CREATED: Proceso 3 (Monitor) cargado.
[2026-09-07 21:20:44] SIMULATION_START: Escenario cargado: Prevención y recuperación de interbloqueo
[2026-09-07 21:20:44] MEMORY_ALLOCATED: PID 1 recibió 150 unidades de memoria.
[2026-09-07 21:20:44] MEMORY_ALLOCATED: PID 2 recibió 150 unidades de memoria.
[2026-09-07 21:20:44] MEMORY_ALLOCATED: PID 3 recibió 100 unidades de memoria.
[2026-09-07 21:20:44] RESOURCE_ALLOCATED: Recurso 'scanner' asignado al PID 1.
[2026-09-07 21:20:44] RESOURCE_ALLOCATED: Recurso 'usb_drive' asignado al PID 2.
[2026-09-07 21:20:44] FILE_WRITE: PID 3 escribió el archivo 'status_log'.
[2026-09-07 21:20:44] RESOURCE_WAIT: PID 1 espera el recurso 'usb_drive'. Propietario actual: 2.
[2026-09-07 21:20:44] RESOURCE_WAIT: PID 2 espera el recurso 'scanner'. Propietario actual: 1.
[2026-09-07 21:20:44] MEMORY_RELEASED: PID 3 liberó memoria.
[2026-09-07 21:20:44] RESOURCE_WAIT: PID 1 espera el recurso 'usb_drive'. Propietario actual: 2.
[2026-09-07 21:20:44] RESOURCE_WAIT: PID 2 espera el recurso 'scanner'. Propietario actual: 1.
[2026-09-07 21:20:44] PROCESS_TERMINATED: PID 3 terminó y liberó sus recursos.
[2026-09-07 21:20:44] RESOURCE_WAIT: PID 1 espera el recurso 'usb_drive'. Propietario actual: 2.
[2026-09-07 21:20:44] RESOURCE_WAIT: PID 2 espera el recurso 'scanner'. Propietario actual: 1.
[2026-09-07 21:20:44] DEADLOCK_DETECTED: Interbloqueo detectado. Procesos: [1, 2]. Recursos: ['scanner', 'usb_drive']. Condiciones presentes: exclusion_mutua, espera_y_retencion, no_expropiacion, espera_circular.
[2026-09-07 21:20:44] CONDITION_ANALYSIS: [exclusion_mutua] Los recursos involucrados (scanner, usb_drive) están completamente ocupados: ningún otro proceso puede tomarlos mientras su(s) propietario(s) los retienen.
[2026-09-07 21:20:44] CONDITION_ANALYSIS: [espera_y_retencion] Al menos un proceso del ciclo (1, 2) conserva recursos asignados mientras solicita un recurso adicional.
[2026-09-07 21:20:44] CONDITION_ANALYSIS: [no_expropiacion] El simulador no retira recursos a un proceso de forma forzada durante la ejecución normal; solo se liberan cuando el proceso termina por sí mismo o cuando se aplica la estrategia de recuperación.
[2026-09-07 21:20:44] CONDITION_ANALYSIS: [espera_circular] Se encontró una cadena cerrada en el grafo de asignación/espera: P2(Respaldo) -> scanner(Escáner) -> P1(Escaneo) -> usb_drive(Unidad USB) -> P2(Respaldo)
[2026-09-07 21:20:44] RESOURCE_WAIT: PID 1 espera el recurso 'usb_drive'. Propietario actual: 2.
[2026-09-07 21:20:44] RESOURCE_WAIT: PID 2 espera el recurso 'scanner'. Propietario actual: 1.
[2026-09-07 21:20:44] DEADLOCK_RECOVERY: Estrategia de recuperación aplicada: terminación forzada de PID 2. PID 2 fue seleccionado por retener la menor cantidad de recursos (1) entre los procesos en interbloqueo [1, 2]. Recursos liberados: ['usb_drive'].
[2026-09-07 21:20:44] RESOURCE_ALLOCATED: Recurso 'usb_drive' asignado al PID 1.
[2026-09-07 21:20:44] RESOURCE_RELEASED: PID 1 liberó el recurso 'usb_drive'.
[2026-09-07 21:20:44] RESOURCE_RELEASED: PID 1 liberó el recurso 'scanner'.
[2026-09-07 21:20:44] MEMORY_RELEASED: PID 1 liberó memoria.
[2026-09-07 21:20:44] PROCESS_TERMINATED: PID 1 terminó y liberó sus recursos.
[2026-09-07 21:20:44] SIMULATION_END: La simulación ha terminado.
